Program Space (flash):
['Name                                               ', '  Size  ', ' Section', ' Line', 'File']
_initThreeStuff()                                   |       24 |    .text |   114 | megaavr/2.5.11/cores/megatinycore/main.cpp
__do_clear_bss                                      |       16 |    .text |  2441 | (gcc) lib1funcs.S
__do_global_ctors                                   |       20 |    .text |  2466 | (gcc) lib1funcs.S
UartClass::availableForWrite()                      |       30 |    .text |   642 | megaavr/2.5.11/cores/megatinycore/UART.cpp
UartClass::read()                                   |       40 |    .text |   626 | megaavr/2.5.11/cores/megatinycore/UART.cpp
UartClass::peek()                                   |       28 |    .text |   618 | megaavr/2.5.11/cores/megatinycore/UART.cpp
UartClass::available()                              |       24 |    .text |   614 | megaavr/2.5.11/cores/megatinycore/UART.cpp
UartClass::end()                                    |       46 |    .text |   598 | megaavr/2.5.11/cores/megatinycore/UART.cpp
UartClass::_poll_tx_data_empty()                    |       62 |    .text |   352 | megaavr/2.5.11/cores/megatinycore/UART.cpp
UartClass::write(uint8_t)                           |      152 |    .text |   682 | megaavr/2.5.11/cores/megatinycore/UART.cpp
UartClass::flush()                                  |       40 |    .text |   651 | megaavr/2.5.11/cores/megatinycore/UART.cpp
Print::write(uint8_t const*, uint16_t)              |       90 |    .text |    29 | megaavr/2.5.11/cores/megatinycore/api/Print.cpp
UartClass::operator bool()                          |        4 |    .text |   293 | megaavr/2.5.11/cores/megatinycore/UART.h
UartClass::begin(uint32_t)                          |       18 |    .text |   257 | megaavr/2.5.11/cores/megatinycore/UART.h
Print::write(char const*) [clone .part.2] [cnst.9]  |       24 |    .text |    56 | megaavr/2.5.11/cores/megatinycore/api/Print.h
pinMode                                             |       74 |    .text |   133 | megaavr/2.5.11/cores/megatinycore/wiring_digital.c
UartClass::begin(uint32_t, uint16_t)                |      338 |    .text |   470 | megaavr/2.5.11/cores/megatinycore/UART.cpp
_do_dre()                                           |       92 |    .text |   224 | megaavr/2.5.11/cores/megatinycore/UART.cpp
_do_rxc()                                           |       72 |    .text |   124 | megaavr/2.5.11/cores/megatinycore/UART.cpp
_do_txc()                                           |       38 |    .text |    82 | megaavr/2.5.11/cores/megatinycore/UART.cpp
__vector_15                                         |      172 |    .text |   147 | megaavr/2.5.11/cores/megatinycore/wiring.c
__vector_28                                         |       10 |    .text |    69 | megaavr/2.5.11/cores/megatinycore/UART0.cpp
__vector_27                                         |       10 |    .text |    51 | megaavr/2.5.11/cores/megatinycore/UART0.cpp
__vector_29                                         |        6 |    .text |    26 | megaavr/2.5.11/cores/megatinycore/UART0.cpp
main                                                |      200 |    .text |    49 | megaavr/2.5.11/cores/megatinycore/main.cpp
_GLOBAL__sub_I___vector_29                          |       46 |    .text |       |  
__udivmodsi4                                        |       68 |    .text |  1638 | (gcc) lib1funcs.S
vtable for UartClass                                |       26 |  .rodata |       |  
_usart_pins                                         |        8 |  .rodata |       |  
digital_pin_to_bit_position                         |       12 |  .rodata |   218 | megaavr/2.5.11/variants/txy4/pins_arduino.h
digital_pin_to_port                                 |       12 |  .rodata |   199 | megaavr/2.5.11/variants/txy4/pins_arduino.h
digital_pin_to_bit_mask                             |       12 |  .rodata |   237 | megaavr/2.5.11/variants/txy4/pins_arduino.h
timer_overflow_count                                |        4 |     .bss |    74 | megaavr/2.5.11/cores/megatinycore/wiring.c
timer_fract                                         |        2 |     .bss |    68 | megaavr/2.5.11/cores/megatinycore/wiring.c
timer_millis                                        |        4 |     .bss |    70 | megaavr/2.5.11/cores/megatinycore/wiring.c
Serial                                              |      149 |     .bss |    81 | megaavr/2.5.11/cores/megatinycore/UART0.cpp
