

Symbols from C:\Users\Spence\AppData\Local\Temp\arduino_build_936504/sketch_jul22a.ino.elf:

Name                  Value   Class        Type         Size     Line  Section

__heap_end          |00000000|   W  |            NOTYPE|        |     |*ABS*
__TEXT_REGION_ORIGIN__|00000000|   W  |            NOTYPE|        |     |*ABS*
__tmp_reg__         |00000000|   a  |            NOTYPE|        |     |*ABS*
__vector_default    |00000000|   W  |            NOTYPE|        |     |.text	../../../../crt1/gcrt1.S:61
__vectors           |00000000|   T  |            NOTYPE|        |     |.text	../../../../crt1/gcrt1.S:61
__zero_reg__        |00000001|   a  |            NOTYPE|        |     |*ABS*
__FUSE_REGION_LENGTH__|0000000a|   A  |            NOTYPE|        |     |*ABS*
__CCP__             |00000034|   a  |            NOTYPE|        |     |*ABS*
__SP_L__            |0000003d|   a  |            NOTYPE|        |     |*ABS*
__SP_H__            |0000003e|   a  |            NOTYPE|        |     |*ABS*
__SREG__            |0000003f|   a  |            NOTYPE|        |     |*ABS*
__ctors_start       |0000007c|   T  |            NOTYPE|        |     |.text
__trampolines_end   |0000007c|   T  |            NOTYPE|        |     |.text
__trampolines_start |0000007c|   T  |            NOTYPE|        |     |.text
__ctors_end         |0000007e|   T  |            NOTYPE|        |     |.text	../../../../crt1/gcrt1.S:230
__dtors_end         |0000007e|   T  |            NOTYPE|        |     |.text	../../../../crt1/gcrt1.S:230
__dtors_start       |0000007e|   T  |            NOTYPE|        |     |.text	../../../../crt1/gcrt1.S:230
__init              |0000007e|   W  |            NOTYPE|        |     |.text	../../../../crt1/gcrt1.S:230
_initThreeStuff()   |0000008a|   T  |              FUNC|00000018|     |.text	C:\Users\Spence\Documents\Arduino\hardware\megaTinyCore\megaavr\cores\megatinycore/main.cpp:143
__do_clear_bss      |000000a2|   T  |            NOTYPE|00000010|     |.text	/home/admin/build/toolchain-avr-special/gcc-build/avr/avrxmega3/libgcc/../../../../gcc/libgcc/config/avr/lib1funcs.S:2441
.do_clear_bss_loop  |000000aa|   t  |            NOTYPE|        |     |.text	/home/admin/build/toolchain-avr-special/gcc-build/avr/avrxmega3/libgcc/../../../../gcc/libgcc/config/avr/lib1funcs.S:2446
.do_clear_bss_start |000000ac|   t  |            NOTYPE|        |     |.text	/home/admin/build/toolchain-avr-special/gcc-build/avr/avrxmega3/libgcc/../../../../gcc/libgcc/config/avr/lib1funcs.S:2448
__do_global_ctors   |000000b2|   T  |            NOTYPE|00000014|     |.text	/home/admin/build/toolchain-avr-special/gcc-build/avr/avrxmega3/libgcc/../../../../gcc/libgcc/config/avr/lib1funcs.S:2466
__bad_interrupt     |000000ca|   T  |            NOTYPE|        |     |.text	../../../../crt1/gcrt1.S:315
__vector_1          |000000ca|   W  |            NOTYPE|        |     |.text	../../../../crt1/gcrt1.S:315
__vector_10         |000000ca|   W  |            NOTYPE|        |     |.text	../../../../crt1/gcrt1.S:315
__vector_11         |000000ca|   W  |            NOTYPE|        |     |.text	../../../../crt1/gcrt1.S:315
__vector_12         |000000ca|   W  |            NOTYPE|        |     |.text	../../../../crt1/gcrt1.S:315
__vector_13         |000000ca|   W  |            NOTYPE|        |     |.text	../../../../crt1/gcrt1.S:315
__vector_14         |000000ca|   W  |            NOTYPE|        |     |.text	../../../../crt1/gcrt1.S:315
__vector_16         |000000ca|   W  |            NOTYPE|        |     |.text	../../../../crt1/gcrt1.S:315
__vector_17         |000000ca|   W  |            NOTYPE|        |     |.text	../../../../crt1/gcrt1.S:315
__vector_18         |000000ca|   W  |            NOTYPE|        |     |.text	../../../../crt1/gcrt1.S:315
__vector_19         |000000ca|   W  |            NOTYPE|        |     |.text	../../../../crt1/gcrt1.S:315
__vector_2          |000000ca|   W  |            NOTYPE|        |     |.text	../../../../crt1/gcrt1.S:315
__vector_20         |000000ca|   W  |            NOTYPE|        |     |.text	../../../../crt1/gcrt1.S:315
__vector_21         |000000ca|   W  |            NOTYPE|        |     |.text	../../../../crt1/gcrt1.S:315
__vector_22         |000000ca|   W  |            NOTYPE|        |     |.text	../../../../crt1/gcrt1.S:315
__vector_23         |000000ca|   W  |            NOTYPE|        |     |.text	../../../../crt1/gcrt1.S:315
__vector_24         |000000ca|   W  |            NOTYPE|        |     |.text	../../../../crt1/gcrt1.S:315
__vector_25         |000000ca|   W  |            NOTYPE|        |     |.text	../../../../crt1/gcrt1.S:315
__vector_26         |000000ca|   W  |            NOTYPE|        |     |.text	../../../../crt1/gcrt1.S:315
__vector_3          |000000ca|   W  |            NOTYPE|        |     |.text	../../../../crt1/gcrt1.S:315
__vector_30         |000000ca|   W  |            NOTYPE|        |     |.text	../../../../crt1/gcrt1.S:315
__vector_4          |000000ca|   W  |            NOTYPE|        |     |.text	../../../../crt1/gcrt1.S:315
__vector_5          |000000ca|   W  |            NOTYPE|        |     |.text	../../../../crt1/gcrt1.S:315
__vector_6          |000000ca|   W  |            NOTYPE|        |     |.text	../../../../crt1/gcrt1.S:315
__vector_7          |000000ca|   W  |            NOTYPE|        |     |.text	../../../../crt1/gcrt1.S:315
__vector_8          |000000ca|   W  |            NOTYPE|        |     |.text	../../../../crt1/gcrt1.S:315
__vector_9          |000000ca|   W  |            NOTYPE|        |     |.text	../../../../crt1/gcrt1.S:315
Print::write(unsigned char const*, unsigned int)|000000cc|   t  |              FUNC|0000005a|     |.text	C:\Users\Spence\Documents\Arduino\hardware\megaTinyCore\megaavr\cores\megatinycore\api/Print.cpp:29
__EEPROM_REGION_LENGTH__|00000100|   A  |            NOTYPE|        |     |*ABS*
HardwareSerial::availableForWrite()|00000126|   t  |              FUNC|0000001e|     |.text	C:\Users\Spence\Documents\Arduino\hardware\megaTinyCore\megaavr\cores\megatinycore/UART.cpp:641
HardwareSerial::read()|00000144|   t  |              FUNC|00000028|     |.text	C:\Users\Spence\Documents\Arduino\hardware\megaTinyCore\megaavr\cores\megatinycore/UART.cpp:625
HardwareSerial::peek()|0000016c|   t  |              FUNC|0000001c|     |.text	C:\Users\Spence\Documents\Arduino\hardware\megaTinyCore\megaavr\cores\megatinycore/UART.cpp:617
HardwareSerial::available()|00000188|   t  |              FUNC|00000018|     |.text	C:\Users\Spence\Documents\Arduino\hardware\megaTinyCore\megaavr\cores\megatinycore/UART.cpp:613
HardwareSerial::_poll_tx_data_empty()|000001a0|   t  |              FUNC|0000003e|     |.text	C:\Users\Spence\Documents\Arduino\hardware\megaTinyCore\megaavr\cores\megatinycore/UART.cpp:348
_poll_dre_done      |000001dc|   t  |            NOTYPE|        |     |.text	C:\Users\Spence\Documents\Arduino\hardware\megaTinyCore\megaavr\cores\megatinycore/UART.cpp:400
HardwareSerial::write(unsigned char)|000001de|   t  |              FUNC|00000098|     |.text	C:\Users\Spence\Documents\Arduino\hardware\megaTinyCore\megaavr\cores\megatinycore/UART.cpp:681
HardwareSerial::flush()|00000276|   t  |              FUNC|00000028|     |.text	C:\Users\Spence\Documents\Arduino\hardware\megaTinyCore\megaavr\cores\megatinycore/UART.cpp:650
Print::write(char const*) [clone .part.2] [clone .constprop.9]|0000029e|   t  |              FUNC|00000018|     |.text	C:\Users\Spence\Documents\Arduino\hardware\megaTinyCore\megaavr\cores\megatinycore\api/Print.h:56
pinMode             |000002b6|   t  |              FUNC|0000004a|     |.text	C:\Users\Spence\Documents\Arduino\hardware\megaTinyCore\megaavr\cores\megatinycore/wiring_digital.c:140
__vector_15         |00000300|   T  |              FUNC|000000ac|     |.text	C:\Users\Spence\Documents\Arduino\hardware\megaTinyCore\megaavr\cores\megatinycore/wiring.c:151
__vector_28         |000003ac|   T  |              FUNC|0000000a|     |.text	C:\Users\Spence\Documents\Arduino\hardware\megaTinyCore\megaavr\cores\megatinycore/UART0.cpp:87
__vector_27         |000003b6|   T  |              FUNC|0000000a|     |.text	C:\Users\Spence\Documents\Arduino\hardware\megaTinyCore\megaavr\cores\megatinycore/UART0.cpp:69
__vector_29         |000003c0|   T  |              FUNC|00000006|     |.text	C:\Users\Spence\Documents\Arduino\hardware\megaTinyCore\megaavr\cores\megatinycore/UART0.cpp:41
_do_dre             |000003c6|   t  |            NOTYPE|        |     |.text	C:\Users\Spence\Documents\Arduino\hardware\megaTinyCore\megaavr\cores\megatinycore/UART.cpp:309
_do_dre()           |000003c6|   T  |              FUNC|0000005c|     |.text	C:\Users\Spence\Documents\Arduino\hardware\megaTinyCore\megaavr\cores\megatinycore/UART.cpp:226
_poll_dre           |000003d6|   t  |            NOTYPE|        |     |.text	C:\Users\Spence\Documents\Arduino\hardware\megaTinyCore\megaavr\cores\megatinycore/UART.cpp:309
__LOCK_REGION_LENGTH__|00000400|   A  |            NOTYPE|        |     |*ABS*
__SIGNATURE_REGION_LENGTH__|00000400|   A  |            NOTYPE|        |     |*ABS*
__USER_SIGNATURE_REGION_LENGTH__|00000400|   A  |            NOTYPE|        |     |*ABS*
_done_dre_irq       |00000404|   t  |            NOTYPE|        |     |.text	C:\Users\Spence\Documents\Arduino\hardware\megaTinyCore\megaavr\cores\megatinycore/UART.cpp:309
_do_rxc             |00000422|   t  |            NOTYPE|        |     |.text	C:\Users\Spence\Documents\Arduino\hardware\megaTinyCore\megaavr\cores\megatinycore/UART.cpp:177
_do_rxc()           |00000422|   T  |              FUNC|00000048|     |.text	C:\Users\Spence\Documents\Arduino\hardware\megaTinyCore\megaavr\cores\megatinycore/UART.cpp:126
_end_rxc            |00000456|   t  |            NOTYPE|        |     |.text	C:\Users\Spence\Documents\Arduino\hardware\megaTinyCore\megaavr\cores\megatinycore/UART.cpp:177
_do_txc             |0000046a|   t  |            NOTYPE|        |     |.text	C:\Users\Spence\Documents\Arduino\hardware\megaTinyCore\megaavr\cores\megatinycore/UART.cpp:107
_do_txc()           |0000046a|   T  |              FUNC|00000026|     |.text	C:\Users\Spence\Documents\Arduino\hardware\megaTinyCore\megaavr\cores\megatinycore/UART.cpp:84
_txc_flush_rx       |00000474|   t  |            NOTYPE|        |     |.text	C:\Users\Spence\Documents\Arduino\hardware\megaTinyCore\megaavr\cores\megatinycore/UART.cpp:107
main                |00000490|   T  |              FUNC|0000014a|     |.text	C:\Users\Spence\Documents\Arduino\hardware\megaTinyCore\megaavr\cores\megatinycore/main.cpp:47
_GLOBAL__sub_I___vector_29|000005da|   t  |              FUNC|0000002e|     |.text
__udivmodsi4        |00000608|   T  |            NOTYPE|00000044|     |.text	/home/admin/build/toolchain-avr-special/gcc-build/avr/avrxmega3/libgcc/../../../../gcc/libgcc/config/avr/lib1funcs.S:1638
__udivmodsi4_loop   |00000614|   t  |            NOTYPE|        |     |.text	/home/admin/build/toolchain-avr-special/gcc-build/avr/avrxmega3/libgcc/../../../../gcc/libgcc/config/avr/lib1funcs.S:1646
__udivmodsi4_ep     |0000062e|   t  |            NOTYPE|        |     |.text	/home/admin/build/toolchain-avr-special/gcc-build/avr/avrxmega3/libgcc/../../../../gcc/libgcc/config/avr/lib1funcs.S:1660
__tablejump2__      |0000064c|   T  |            NOTYPE|0000000c|     |.text	/home/admin/build/toolchain-avr-special/gcc-build/avr/avrxmega3/libgcc/../../../../gcc/libgcc/config/avr/lib1funcs.S:2296
_exit               |00000658|   T  |            NOTYPE|        |     |.text	/home/admin/build/toolchain-avr-special/gcc-build/avr/avrxmega3/libgcc/../../../../gcc/libgcc/config/avr/lib1funcs.S:2278
exit                |00000658|   W  |            NOTYPE|        |     |.text	/home/admin/build/toolchain-avr-special/gcc-build/avr/avrxmega3/libgcc/../../../../gcc/libgcc/config/avr/lib1funcs.S:2278
__stop_program      |0000065a|   t  |            NOTYPE|        |     |.text	/home/admin/build/toolchain-avr-special/gcc-build/avr/avrxmega3/libgcc/../../../../gcc/libgcc/config/avr/lib1funcs.S:2280
_etext              |0000065c|   T  |            NOTYPE|        |     |.text
__data_load_end     |000006a9|   A  |            NOTYPE|        |     |*ABS*
__data_load_start   |000006a9|   a  |            NOTYPE|        |     |*ABS*
__DATA_REGION_LENGTH__|00000800|   A  |            NOTYPE|        |     |*ABS*
__stack             |00003fff|   W  |            NOTYPE|        |     |*ABS*
__TEXT_REGION_LENGTH__|00004000|   A  |            NOTYPE|        |     |*ABS*
__RODATA_PM_OFFSET__|00008000|   A  |            NOTYPE|        |     |*ABS*
vtable for HardwareSerial|0000865c|   r  |            OBJECT|00000012|     |.rodata
_usart_pins         |0000866e|   r  |            OBJECT|00000008|     |.rodata
digital_pin_to_bit_position|00008676|   r  |            OBJECT|0000000c|     |.rodata	C:\Users\Spence\Documents\Arduino\hardware\megaTinyCore\megaavr\variants\txy4/pins_arduino.h:237
digital_pin_to_port |00008682|   r  |            OBJECT|0000000c|     |.rodata	C:\Users\Spence\Documents\Arduino\hardware\megaTinyCore\megaavr\variants\txy4/pins_arduino.h:218
digital_pin_to_bit_mask|0000868e|   r  |            OBJECT|0000000c|     |.rodata	C:\Users\Spence\Documents\Arduino\hardware\megaTinyCore\megaavr\variants\txy4/pins_arduino.h:256
__bss_start         |00803800|   B  |            NOTYPE|        |     |.bss
__DATA_REGION_ORIGIN__|00803800|   A  |            NOTYPE|        |     |*ABS*
_edata              |00803800|   D  |            NOTYPE|        |     |.data
timer_overflow_count|00803800|   b  |            OBJECT|00000004|     |.bss	C:\Users\Spence\Documents\Arduino\hardware\megaTinyCore\megaavr\cores\megatinycore/wiring.c:79
timer_fract         |00803804|   b  |            OBJECT|00000002|     |.bss	C:\Users\Spence\Documents\Arduino\hardware\megaTinyCore\megaavr\cores\megatinycore/wiring.c:73
timer_millis        |00803806|   b  |            OBJECT|00000004|     |.bss	C:\Users\Spence\Documents\Arduino\hardware\megaTinyCore\megaavr\cores\megatinycore/wiring.c:75
Serial              |0080380a|   b  |            OBJECT|00000091|     |.bss	C:\Users\Spence\Documents\Arduino\hardware\megaTinyCore\megaavr\cores\megatinycore/UART0.cpp:103
__bss_end           |0080389b|   B  |            NOTYPE|        |     |.bss
_end                |0080389b|   N  |            NOTYPE|        |     |.comment
__eeprom_end        |00810000|   N  |            NOTYPE|        |     |.comment
