Program Space (flash):
['Name                                               ', '  Size  ', ' Section', ' Line', 'File']
_initThreeStuff()                                   |       24 |    .text |   143 | megaTinyCore/megaavr/cores/megatinycore/main.cpp
__do_clear_bss                                      |       16 |    .text |  2441 | (gcc) lib1funcs.S
__do_global_ctors                                   |       20 |    .text |  2466 | (gcc) lib1funcs.S
Print::write(uint8_t const*, uint16_t)              |       90 |    .text |    29 | megaTinyCore/megaavr/cores/megatinycore/api/Print.cpp
HardwareSerial::availableForWrite()                 |       30 |    .text |   641 | megaTinyCore/megaavr/cores/megatinycore/UART.cpp
HardwareSerial::read()                              |       40 |    .text |   625 | megaTinyCore/megaavr/cores/megatinycore/UART.cpp
HardwareSerial::peek()                              |       28 |    .text |   617 | megaTinyCore/megaavr/cores/megatinycore/UART.cpp
HardwareSerial::available()                         |       24 |    .text |   613 | megaTinyCore/megaavr/cores/megatinycore/UART.cpp
HardwareSerial::_poll_tx_data_empty()               |       62 |    .text |   348 | megaTinyCore/megaavr/cores/megatinycore/UART.cpp
HardwareSerial::write(uint8_t)                      |      152 |    .text |   681 | megaTinyCore/megaavr/cores/megatinycore/UART.cpp
HardwareSerial::flush()                             |       40 |    .text |   650 | megaTinyCore/megaavr/cores/megatinycore/UART.cpp
Print::write(char const*) [clone .part.2] [cnst.9]  |       24 |    .text |    56 | megaTinyCore/megaavr/cores/megatinycore/api/Print.h
pinMode                                             |       74 |    .text |   140 | megaTinyCore/megaavr/cores/megatinycore/wiring_digital.c
__vector_15                                         |      172 |    .text |   151 | megaTinyCore/megaavr/cores/megatinycore/wiring.c
__vector_28                                         |       10 |    .text |    87 | megaTinyCore/megaavr/cores/megatinycore/UART0.cpp
__vector_27                                         |       10 |    .text |    69 | megaTinyCore/megaavr/cores/megatinycore/UART0.cpp
__vector_29                                         |        6 |    .text |    41 | megaTinyCore/megaavr/cores/megatinycore/UART0.cpp
_do_dre()                                           |       92 |    .text |   226 | megaTinyCore/megaavr/cores/megatinycore/UART.cpp
_do_rxc()                                           |       72 |    .text |   126 | megaTinyCore/megaavr/cores/megatinycore/UART.cpp
_do_txc()                                           |       38 |    .text |    84 | megaTinyCore/megaavr/cores/megatinycore/UART.cpp
main                                                |      330 |    .text |    47 | megaTinyCore/megaavr/cores/megatinycore/main.cpp
_GLOBAL__sub_I___vector_29                          |       46 |    .text |       |  
__udivmodsi4                                        |       68 |    .text |  1638 | (gcc) lib1funcs.S
vtable for HardwareSerial                           |       18 |  .rodata |       |  
_usart_pins                                         |        8 |  .rodata |       |  
digital_pin_to_bit_position                         |       12 |  .rodata |   237 | megaTinyCore/megaavr/variants/txy4/pins_arduino.h
digital_pin_to_port                                 |       12 |  .rodata |   218 | megaTinyCore/megaavr/variants/txy4/pins_arduino.h
digital_pin_to_bit_mask                             |       12 |  .rodata |   256 | megaTinyCore/megaavr/variants/txy4/pins_arduino.h
timer_overflow_count                                |        4 |     .bss |    79 | megaTinyCore/megaavr/cores/megatinycore/wiring.c
timer_fract                                         |        2 |     .bss |    73 | megaTinyCore/megaavr/cores/megatinycore/wiring.c
timer_millis                                        |        4 |     .bss |    75 | megaTinyCore/megaavr/cores/megatinycore/wiring.c
Serial                                              |      145 |     .bss |   103 | megaTinyCore/megaavr/cores/megatinycore/UART0.cpp
